  if (isLoadingProfile && !userProfile) { return <div className="max-w-4xl mx-auto p-4 md:p-6"><Skeleton height={300}/></div>; }
              ) : isLoadingProfile ? (
